=========================================
SLURM Job ID: 62662611
Array Task ID: 1
Running on: eu-lo-g2-026
Starting at: Wed Apr  8 12:04:31 AM CEST 2026
GPU allocation: 0
Task: Go2-Ablation-B4-v0
=========================================
Wed Apr  8 00:04:31 2026       
+-----------------------------------------------------------------------------------------+
| NVIDIA-SMI 580.126.20             Driver Version: 580.126.20     CUDA Version: 13.0     |
+-----------------------------------------+------------------------+----------------------+
| GPU  Name                 Persistence-M | Bus-Id          Disp.A | Volatile Uncorr. ECC |
| Fan  Temp   Perf          Pwr:Usage/Cap |           Memory-Usage | GPU-Util  Compute M. |
|                                         |                        |               MIG M. |
|=========================================+========================+======================|
|   0  NVIDIA GeForce RTX 2080 Ti     On  |   00000000:B1:00.0 Off |                  N/A |
|  0%   27C    P8              4W /  250W |       1MiB /  11264MiB |      0%      Default |
|                                         |                        |                  N/A |
+-----------------------------------------+------------------------+----------------------+

+-----------------------------------------------------------------------------------------+
| Processes:                                                                              |
|  GPU   GI   CI              PID   Type   Process name                        GPU Memory |
|        ID   ID                                                               Usage      |
|=========================================================================================|
|  No running processes found                                                             |
+-----------------------------------------------------------------------------------------+
[INFO][AppLauncher]: Using device: cuda:0
[INFO][AppLauncher]: Loading experience file: /cluster/home/habaumann/IsaacLab/apps/isaaclab.python.headless.kit
Loading user config located at: '/cluster/project/rsl/habaumann/miniconda3/envs/env_isaaclab/lib/python3.11/site-packages/isaacsim/kit/data/Kit/Isaac-Sim/5.1/user.config.json'
[Info] [carb] Logging to file: /cluster/project/rsl/habaumann/miniconda3/envs/env_isaaclab/lib/python3.11/site-packages/isaacsim/kit/logs/Kit/Isaac-Sim/5.1/kit_20260408_000448.log
2026-04-07T22:04:49Z [20ms] [Warning] [carb.crashreporter-breakpad.plugin] [previous crash] preventing upload of minidump due to user opt-out: '/cluster/project/rsl/habaumann/miniconda3/envs/env_isaaclab/lib/python3.11/site-packages/isaacsim/kit/data/Kit/Isaac-Sim/5.1/9f60274b-c8e4-4db9-30f34597-15c89912.dmp'
2026-04-07T22:04:49Z [33ms] [Warning] [carb.crashreporter-breakpad.plugin] [previous crash] preventing upload of minidump due to user opt-out: '/cluster/project/rsl/habaumann/miniconda3/envs/env_isaaclab/lib/python3.11/site-packages/isaacsim/kit/data/Kit/Isaac-Sim/5.1/9fabc7c7-0fe9-4986-d6612384-1dcf5175.dmp'
2026-04-07T22:04:49Z [44ms] [Warning] [carb.crashreporter-breakpad.plugin] [previous crash] preventing upload of minidump due to user opt-out: '/cluster/project/rsl/habaumann/miniconda3/envs/env_isaaclab/lib/python3.11/site-packages/isaacsim/kit/data/Kit/Isaac-Sim/5.1/a5cd8d26-e687-4f8b-6439b88e-c065c48b.dmp'
2026-04-07T22:04:49Z [54ms] [Warning] [carb.crashreporter-breakpad.plugin] [previous crash] preventing upload of minidump due to user opt-out: '/cluster/project/rsl/habaumann/miniconda3/envs/env_isaaclab/lib/python3.11/site-packages/isaacsim/kit/data/Kit/Isaac-Sim/5.1/f0d1fcd6-d9df-48a4-e04c87b4-5f63d4c2.dmp'
2026-04-07T22:05:02Z [12,844ms] [Warning] [omni.usd_config.extension] Enable omni.materialx.libs extension to use MaterialX
2026-04-07T22:05:11Z [22,053ms] [Warning] [omni.platforminfo.plugin] failed to open the default display.  Can't verify X Server version.
2026-04-07T22:05:17Z [27,943ms] [Warning] [carb] Acquiring non optional plugin interface which is not listed as dependency: [omni::physx::IPhysxBenchmarks v1.0] (plugin: <default plugin>), by client: omni.physics.physx.plugin. Add it to CARB_PLUGIN_IMPL_DEPS() macro of a client.
2026-04-07T22:05:17Z [28,263ms] [Warning] [omni.isaac.dynamic_control] omni.isaac.dynamic_control is deprecated as of Isaac Sim 4.5. No action is needed from end-users.
2026-04-07T22:06:31Z [102,047ms] [Warning] [carb.cudainterop.plugin] CUDA_VISIBLE_DEVICES environment variable is set.
2026-04-07T22:06:31Z [102,047ms] [Warning] [carb.cudainterop.plugin] Note CUDA device enumeration and Omniverse device enumeration are different.
2026-04-07T22:06:31Z [102,047ms] [Warning] [carb.cudainterop.plugin] Setting CUDA_VISIBLE_DEVICES can lead to undesired behavior or crashes.

|---------------------------------------------------------------------------------------------|
| Driver Version: 580.126.20    | Graphics API: Vulkan
|=============================================================================================|
| GPU | Name                             | Active | LDA | GPU Memory | Vendor-ID | LUID       |
|     |                                  |        |     |            | Device-ID | UUID       |
|     |                                  |        |     |            | Bus-ID    |            |
|---------------------------------------------------------------------------------------------|
| 0   | NVIDIA GeForce RTX 2080 Ti       | Yes: 0 |     | 11510   MB | 10de      | 0          |
|     |                                  |        |     |            | 1e07      | bcd513ec.. |
|     |                                  |        |     |            | b1        |            |
|=============================================================================================|
| OS: 22.04.5 LTS (Jammy Jellyfish) ubuntu, Version: 22.04.5, Kernel: 5.15.0-171-generic
| Processor: Intel(R) Xeon(R) Gold 6240 CPU @ 2.60GHz
| Cores: 36 | Logical Cores: 72
|---------------------------------------------------------------------------------------------|
| Total Memory (MB): 383268 | Free Memory: 346014
| Total Page/Swap (MB): 32767 | Free Page/Swap: 32159
|---------------------------------------------------------------------------------------------|
2026-04-07T22:06:35Z [106,005ms] [Warning] [gpu.foundation.plugin] CPU performance profile is set to powersave. This profile sets the CPU to the lowest frequency reducing performance.
2026-04-07T22:06:39Z [110,717ms] [Warning] [omni.kvdb.plugin] Disabling key-value database because another kit process is locking it
2026-04-07T22:07:08Z [139,419ms] [Warning] [omni.physx.plugin] USD stage detach not called, holding a loose ptr to a stage!
2026-04-07T22:07:08Z [139,756ms] [Warning] [carb] Recursive unloadAllPlugins() detected!
Job Go2-Ablation-B4-v0 completed at Wed Apr  8 12:07:09 AM CEST 2026
